// Jest Snapshot v1, https://goo.gl/fbAQLP

exports[`Your test Alerts rendering 1`] = `","`;
